version https://git-lfs.github.com/spec/v1
oid sha256:1408380785481c94c9fcbc9f8e9e71323128d3f6f1687c49b6eceabbcdfe55f7
size 2218
