Block at file offset 0
	- compressed size: 12932
	- uncompressed size: 65280

Block at file offset 12932
	- compressed size: 9978
	- uncompressed size: 65280

Block at file offset 22910
	- compressed size: 9830
	- uncompressed size: 65280

Block at file offset 32740
	- compressed size: 9651
	- uncompressed size: 65280

Block at file offset 42391
	- compressed size: 9789
	- uncompressed size: 65280

Block at file offset 52180
	- compressed size: 9872
	- uncompressed size: 65280

Block at file offset 62052
	- compressed size: 9266
	- uncompressed size: 65280

Block at file offset 71318
	- compressed size: 9181
	- uncompressed size: 65280

Block at file offset 80499
	- compressed size: 9390
	- uncompressed size: 65280

Block at file offset 89889
	- compressed size: 9163
	- uncompressed size: 65280

Block at file offset 99052
	- compressed size: 9719
	- uncompressed size: 65280

Block at file offset 108771
	- compressed size: 9929
	- uncompressed size: 65280

Block at file offset 118700
	- compressed size: 9504
	- uncompressed size: 65280

Block at file offset 128204
	- compressed size: 9309
	- uncompressed size: 65280

Block at file offset 137513
	- compressed size: 9518
	- uncompressed size: 65280

Block at file offset 147031
	- compressed size: 9127
	- uncompressed size: 65280

Block at file offset 156158
	- compressed size: 9834
	- uncompressed size: 65280

Block at file offset 165992
	- compressed size: 9516
	- uncompressed size: 65280

Block at file offset 175508
	- compressed size: 9983
	- uncompressed size: 65280

Block at file offset 185491
	- compressed size: 9583
	- uncompressed size: 65280

Block at file offset 195074
	- compressed size: 9686
	- uncompressed size: 65280

Block at file offset 204760
	- compressed size: 9884
	- uncompressed size: 65280

Block at file offset 214644
	- compressed size: 9882
	- uncompressed size: 65280

Block at file offset 224526
	- compressed size: 9241
	- uncompressed size: 65280

Block at file offset 233767
	- compressed size: 10065
	- uncompressed size: 65280

Block at file offset 243832
	- compressed size: 9800
	- uncompressed size: 65280

Block at file offset 253632
	- compressed size: 9856
	- uncompressed size: 65280

Block at file offset 263488
	- compressed size: 10253
	- uncompressed size: 65280

Block at file offset 273741
	- compressed size: 9973
	- uncompressed size: 65280

Block at file offset 283714
	- compressed size: 9651
	- uncompressed size: 65280

Block at file offset 293365
	- compressed size: 9353
	- uncompressed size: 65280

Block at file offset 302718
	- compressed size: 10268
	- uncompressed size: 65280

Block at file offset 312986
	- compressed size: 10134
	- uncompressed size: 65280

Block at file offset 323120
	- compressed size: 10263
	- uncompressed size: 65280

Block at file offset 333383
	- compressed size: 10413
	- uncompressed size: 65280

Block at file offset 343796
	- compressed size: 11117
	- uncompressed size: 65280

Block at file offset 354913
	- compressed size: 10740
	- uncompressed size: 65280

Block at file offset 365653
	- compressed size: 10156
	- uncompressed size: 65280

Block at file offset 375809
	- compressed size: 10264
	- uncompressed size: 65280

Block at file offset 386073
	- compressed size: 10427
	- uncompressed size: 65280

Block at file offset 396500
	- compressed size: 10901
	- uncompressed size: 65280

Block at file offset 407401
	- compressed size: 10556
	- uncompressed size: 65280

Block at file offset 417957
	- compressed size: 9888
	- uncompressed size: 65280

Block at file offset 427845
	- compressed size: 10632
	- uncompressed size: 65280

Block at file offset 438477
	- compressed size: 10024
	- uncompressed size: 65280

Block at file offset 448501
	- compressed size: 9977
	- uncompressed size: 65280

Block at file offset 458478
	- compressed size: 10709
	- uncompressed size: 65280

Block at file offset 469187
	- compressed size: 10724
	- uncompressed size: 65280

Block at file offset 479911
	- compressed size: 10993
	- uncompressed size: 65280

Block at file offset 490904
	- compressed size: 10486
	- uncompressed size: 65280

Block at file offset 501390
	- compressed size: 10357
	- uncompressed size: 65280

Block at file offset 511747
	- compressed size: 10400
	- uncompressed size: 65280

Block at file offset 522147
	- compressed size: 10703
	- uncompressed size: 65280

Block at file offset 532850
	- compressed size: 10373
	- uncompressed size: 65280

Block at file offset 543223
	- compressed size: 10106
	- uncompressed size: 65280

Block at file offset 553329
	- compressed size: 9898
	- uncompressed size: 65280

Block at file offset 563227
	- compressed size: 10144
	- uncompressed size: 65280

Block at file offset 573371
	- compressed size: 10563
	- uncompressed size: 65280

Block at file offset 583934
	- compressed size: 10023
	- uncompressed size: 65280

Block at file offset 593957
	- compressed size: 10876
	- uncompressed size: 65280

Block at file offset 604833
	- compressed size: 10710
	- uncompressed size: 65280

Block at file offset 615543
	- compressed size: 10124
	- uncompressed size: 65280

Block at file offset 625667
	- compressed size: 10489
	- uncompressed size: 65280

Block at file offset 636156
	- compressed size: 10560
	- uncompressed size: 65280

Block at file offset 646716
	- compressed size: 10871
	- uncompressed size: 65280

Block at file offset 657587
	- compressed size: 10510
	- uncompressed size: 65280

Block at file offset 668097
	- compressed size: 10281
	- uncompressed size: 65280

Block at file offset 678378
	- compressed size: 10228
	- uncompressed size: 65280

Block at file offset 688606
	- compressed size: 10490
	- uncompressed size: 65280

Block at file offset 699096
	- compressed size: 10488
	- uncompressed size: 65280

Block at file offset 709584
	- compressed size: 10494
	- uncompressed size: 65280

Block at file offset 720078
	- compressed size: 10174
	- uncompressed size: 65280

Block at file offset 730252
	- compressed size: 10656
	- uncompressed size: 65280

Block at file offset 740908
	- compressed size: 10219
	- uncompressed size: 65280

Block at file offset 751127
	- compressed size: 9845
	- uncompressed size: 65280

Block at file offset 760972
	- compressed size: 11077
	- uncompressed size: 65280

Block at file offset 772049
	- compressed size: 10685
	- uncompressed size: 65280

Block at file offset 782734
	- compressed size: 10876
	- uncompressed size: 65280

Block at file offset 793610
	- compressed size: 9978
	- uncompressed size: 65280

Block at file offset 803588
	- compressed size: 10023
	- uncompressed size: 65280

Block at file offset 813611
	- compressed size: 10725
	- uncompressed size: 65280

Block at file offset 824336
	- compressed size: 10867
	- uncompressed size: 65280

Block at file offset 835203
	- compressed size: 10426
	- uncompressed size: 65280

Block at file offset 845629
	- compressed size: 10944
	- uncompressed size: 65280

Block at file offset 856573
	- compressed size: 9693
	- uncompressed size: 65280

Block at file offset 866266
	- compressed size: 9842
	- uncompressed size: 65280

Block at file offset 876108
	- compressed size: 9459
	- uncompressed size: 65280

Block at file offset 885567
	- compressed size: 10277
	- uncompressed size: 65280

Block at file offset 895844
	- compressed size: 9739
	- uncompressed size: 65280

Block at file offset 905583
	- compressed size: 10116
	- uncompressed size: 65280

Block at file offset 915699
	- compressed size: 10039
	- uncompressed size: 65280

Block at file offset 925738
	- compressed size: 10658
	- uncompressed size: 65280

Block at file offset 936396
	- compressed size: 10079
	- uncompressed size: 65280

Block at file offset 946475
	- compressed size: 9966
	- uncompressed size: 65280

Block at file offset 956441
	- compressed size: 10377
	- uncompressed size: 65280

Block at file offset 966818
	- compressed size: 9218
	- uncompressed size: 65280

Block at file offset 976036
	- compressed size: 9889
	- uncompressed size: 65280

Block at file offset 985925
	- compressed size: 9732
	- uncompressed size: 65280

Block at file offset 995657
	- compressed size: 9840
	- uncompressed size: 65280

Block at file offset 1005497
	- compressed size: 9490
	- uncompressed size: 65280

Block at file offset 1014987
	- compressed size: 9791
	- uncompressed size: 65280

Block at file offset 1024778
	- compressed size: 9610
	- uncompressed size: 65280

Block at file offset 1034388
	- compressed size: 9384
	- uncompressed size: 65280

Block at file offset 1043772
	- compressed size: 10380
	- uncompressed size: 65280

Block at file offset 1054152
	- compressed size: 9798
	- uncompressed size: 65280

Block at file offset 1063950
	- compressed size: 9979
	- uncompressed size: 65280

Block at file offset 1073929
	- compressed size: 9932
	- uncompressed size: 65280

Block at file offset 1083861
	- compressed size: 10079
	- uncompressed size: 65280

Block at file offset 1093940
	- compressed size: 10049
	- uncompressed size: 65280

Block at file offset 1103989
	- compressed size: 10538
	- uncompressed size: 65280

Block at file offset 1114527
	- compressed size: 9450
	- uncompressed size: 65280

Block at file offset 1123977
	- compressed size: 9091
	- uncompressed size: 65280

Block at file offset 1133068
	- compressed size: 9800
	- uncompressed size: 65280

Block at file offset 1142868
	- compressed size: 10084
	- uncompressed size: 65280

Block at file offset 1152952
	- compressed size: 9187
	- uncompressed size: 65280

Block at file offset 1162139
	- compressed size: 9592
	- uncompressed size: 65280

Block at file offset 1171731
	- compressed size: 9985
	- uncompressed size: 65280

Block at file offset 1181716
	- compressed size: 9418
	- uncompressed size: 65280

Block at file offset 1191134
	- compressed size: 9162
	- uncompressed size: 65280

Block at file offset 1200296
	- compressed size: 9265
	- uncompressed size: 65280

Block at file offset 1209561
	- compressed size: 9218
	- uncompressed size: 65280

Block at file offset 1218779
	- compressed size: 9229
	- uncompressed size: 65280

Block at file offset 1228008
	- compressed size: 9414
	- uncompressed size: 65280

Block at file offset 1237422
	- compressed size: 9645
	- uncompressed size: 65280

Block at file offset 1247067
	- compressed size: 9564
	- uncompressed size: 65280

Block at file offset 1256631
	- compressed size: 9087
	- uncompressed size: 65280

Block at file offset 1265718
	- compressed size: 9909
	- uncompressed size: 65280

Block at file offset 1275627
	- compressed size: 9414
	- uncompressed size: 65280

Block at file offset 1285041
	- compressed size: 9245
	- uncompressed size: 65280

Block at file offset 1294286
	- compressed size: 9613
	- uncompressed size: 65280

Block at file offset 1303899
	- compressed size: 10086
	- uncompressed size: 65280

Block at file offset 1313985
	- compressed size: 9902
	- uncompressed size: 65280

Block at file offset 1323887
	- compressed size: 9772
	- uncompressed size: 65280

Block at file offset 1333659
	- compressed size: 10362
	- uncompressed size: 65280

Block at file offset 1344021
	- compressed size: 10443
	- uncompressed size: 65280

Block at file offset 1354464
	- compressed size: 10070
	- uncompressed size: 65280

Block at file offset 1364534
	- compressed size: 10309
	- uncompressed size: 65280

Block at file offset 1374843
	- compressed size: 10145
	- uncompressed size: 65280

Block at file offset 1384988
	- compressed size: 10025
	- uncompressed size: 65280

Block at file offset 1395013
	- compressed size: 10328
	- uncompressed size: 65280

Block at file offset 1405341
	- compressed size: 9614
	- uncompressed size: 65280

Block at file offset 1414955
	- compressed size: 10493
	- uncompressed size: 65280

Block at file offset 1425448
	- compressed size: 10492
	- uncompressed size: 65280

Block at file offset 1435940
	- compressed size: 9783
	- uncompressed size: 65280

Block at file offset 1445723
	- compressed size: 10143
	- uncompressed size: 65280

Block at file offset 1455866
	- compressed size: 9826
	- uncompressed size: 65280

Block at file offset 1465692
	- compressed size: 9583
	- uncompressed size: 65280

Block at file offset 1475275
	- compressed size: 9568
	- uncompressed size: 65280

Block at file offset 1484843
	- compressed size: 9950
	- uncompressed size: 65280

Block at file offset 1494793
	- compressed size: 9716
	- uncompressed size: 65280

Block at file offset 1504509
	- compressed size: 10022
	- uncompressed size: 65280

Block at file offset 1514531
	- compressed size: 10351
	- uncompressed size: 65280

Block at file offset 1524882
	- compressed size: 10553
	- uncompressed size: 65280

Block at file offset 1535435
	- compressed size: 10308
	- uncompressed size: 65280

Block at file offset 1545743
	- compressed size: 10047
	- uncompressed size: 65280

Block at file offset 1555790
	- compressed size: 9804
	- uncompressed size: 65280

Block at file offset 1565594
	- compressed size: 9459
	- uncompressed size: 65280

Block at file offset 1575053
	- compressed size: 9752
	- uncompressed size: 65280

Block at file offset 1584805
	- compressed size: 9927
	- uncompressed size: 65280

Block at file offset 1594732
	- compressed size: 10224
	- uncompressed size: 65280

Block at file offset 1604956
	- compressed size: 10831
	- uncompressed size: 65280

Block at file offset 1615787
	- compressed size: 10337
	- uncompressed size: 65280

Block at file offset 1626124
	- compressed size: 10133
	- uncompressed size: 65280

Block at file offset 1636257
	- compressed size: 9604
	- uncompressed size: 65280

Block at file offset 1645861
	- compressed size: 10051
	- uncompressed size: 65280

Block at file offset 1655912
	- compressed size: 9472
	- uncompressed size: 65280

Block at file offset 1665384
	- compressed size: 9760
	- uncompressed size: 65280

Block at file offset 1675144
	- compressed size: 9839
	- uncompressed size: 65280

Block at file offset 1684983
	- compressed size: 9459
	- uncompressed size: 65280

Block at file offset 1694442
	- compressed size: 9373
	- uncompressed size: 65280

Block at file offset 1703815
	- compressed size: 9183
	- uncompressed size: 65280

Block at file offset 1712998
	- compressed size: 9708
	- uncompressed size: 65280

Block at file offset 1722706
	- compressed size: 9975
	- uncompressed size: 65280

Block at file offset 1732681
	- compressed size: 10178
	- uncompressed size: 65280

Block at file offset 1742859
	- compressed size: 10740
	- uncompressed size: 65280

Block at file offset 1753599
	- compressed size: 10649
	- uncompressed size: 65280

Block at file offset 1764248
	- compressed size: 10268
	- uncompressed size: 65280

Block at file offset 1774516
	- compressed size: 10328
	- uncompressed size: 65280

Block at file offset 1784844
	- compressed size: 9657
	- uncompressed size: 65280

Block at file offset 1794501
	- compressed size: 9653
	- uncompressed size: 65280

Block at file offset 1804154
	- compressed size: 9589
	- uncompressed size: 65280

Block at file offset 1813743
	- compressed size: 9876
	- uncompressed size: 65280

Block at file offset 1823619
	- compressed size: 10028
	- uncompressed size: 65280

Block at file offset 1833647
	- compressed size: 9344
	- uncompressed size: 65280

Block at file offset 1842991
	- compressed size: 9500
	- uncompressed size: 65280

Block at file offset 1852491
	- compressed size: 9288
	- uncompressed size: 65280

Block at file offset 1861779
	- compressed size: 9580
	- uncompressed size: 65280

Block at file offset 1871359
	- compressed size: 9696
	- uncompressed size: 65280

Block at file offset 1881055
	- compressed size: 9687
	- uncompressed size: 65280

Block at file offset 1890742
	- compressed size: 9383
	- uncompressed size: 65280

Block at file offset 1900125
	- compressed size: 9306
	- uncompressed size: 65280

Block at file offset 1909431
	- compressed size: 9670
	- uncompressed size: 65280

Block at file offset 1919101
	- compressed size: 9963
	- uncompressed size: 65280

Block at file offset 1929064
	- compressed size: 9451
	- uncompressed size: 65280

Block at file offset 1938515
	- compressed size: 11043
	- uncompressed size: 65280

Block at file offset 1949558
	- compressed size: 11270
	- uncompressed size: 65280

Block at file offset 1960828
	- compressed size: 11093
	- uncompressed size: 65280

Block at file offset 1971921
	- compressed size: 10397
	- uncompressed size: 65280

Block at file offset 1982318
	- compressed size: 10511
	- uncompressed size: 65280

Block at file offset 1992829
	- compressed size: 10316
	- uncompressed size: 65280

Block at file offset 2003145
	- compressed size: 10167
	- uncompressed size: 65280

Block at file offset 2013312
	- compressed size: 10477
	- uncompressed size: 65280

Block at file offset 2023789
	- compressed size: 10687
	- uncompressed size: 65280

Block at file offset 2034476
	- compressed size: 10907
	- uncompressed size: 65280

Block at file offset 2045383
	- compressed size: 10786
	- uncompressed size: 65280

Block at file offset 2056169
	- compressed size: 10599
	- uncompressed size: 65280

Block at file offset 2066768
	- compressed size: 10241
	- uncompressed size: 65280

Block at file offset 2077009
	- compressed size: 9399
	- uncompressed size: 65280

Block at file offset 2086408
	- compressed size: 10098
	- uncompressed size: 65280

Block at file offset 2096506
	- compressed size: 10117
	- uncompressed size: 65280

Block at file offset 2106623
	- compressed size: 10806
	- uncompressed size: 65280

Block at file offset 2117429
	- compressed size: 10933
	- uncompressed size: 65280

Block at file offset 2128362
	- compressed size: 10033
	- uncompressed size: 65280

Block at file offset 2138395
	- compressed size: 9939
	- uncompressed size: 65280

Block at file offset 2148334
	- compressed size: 9946
	- uncompressed size: 65280

Block at file offset 2158280
	- compressed size: 10067
	- uncompressed size: 65280

Block at file offset 2168347
	- compressed size: 10204
	- uncompressed size: 65280

Block at file offset 2178551
	- compressed size: 9708
	- uncompressed size: 65280

Block at file offset 2188259
	- compressed size: 8910
	- uncompressed size: 65280

Block at file offset 2197169
	- compressed size: 9353
	- uncompressed size: 65280

Block at file offset 2206522
	- compressed size: 9302
	- uncompressed size: 65280

Block at file offset 2215824
	- compressed size: 9956
	- uncompressed size: 65280

Block at file offset 2225780
	- compressed size: 10128
	- uncompressed size: 65280

Block at file offset 2235908
	- compressed size: 9771
	- uncompressed size: 65280

Block at file offset 2245679
	- compressed size: 9354
	- uncompressed size: 65280

Block at file offset 2255033
	- compressed size: 9435
	- uncompressed size: 65280

Block at file offset 2264468
	- compressed size: 9555
	- uncompressed size: 65280

Block at file offset 2274023
	- compressed size: 9918
	- uncompressed size: 65280

Block at file offset 2283941
	- compressed size: 9913
	- uncompressed size: 65280

Block at file offset 2293854
	- compressed size: 9894
	- uncompressed size: 65280

Block at file offset 2303748
	- compressed size: 9442
	- uncompressed size: 65280

Block at file offset 2313190
	- compressed size: 10275
	- uncompressed size: 65280

Block at file offset 2323465
	- compressed size: 9526
	- uncompressed size: 65280

Block at file offset 2332991
	- compressed size: 9517
	- uncompressed size: 65280

Block at file offset 2342508
	- compressed size: 9672
	- uncompressed size: 65280

Block at file offset 2352180
	- compressed size: 9860
	- uncompressed size: 65280

Block at file offset 2362040
	- compressed size: 9253
	- uncompressed size: 65280

Block at file offset 2371293
	- compressed size: 9178
	- uncompressed size: 65280

Block at file offset 2380471
	- compressed size: 9311
	- uncompressed size: 65280

Block at file offset 2389782
	- compressed size: 9603
	- uncompressed size: 65280

Block at file offset 2399385
	- compressed size: 9600
	- uncompressed size: 65280

Block at file offset 2408985
	- compressed size: 9275
	- uncompressed size: 65280

Block at file offset 2418260
	- compressed size: 9454
	- uncompressed size: 65280

Block at file offset 2427714
	- compressed size: 9870
	- uncompressed size: 65280

Block at file offset 2437584
	- compressed size: 10026
	- uncompressed size: 65280

Block at file offset 2447610
	- compressed size: 10260
	- uncompressed size: 65280

Block at file offset 2457870
	- compressed size: 10525
	- uncompressed size: 65280

Block at file offset 2468395
	- compressed size: 9716
	- uncompressed size: 65280

Block at file offset 2478111
	- compressed size: 9865
	- uncompressed size: 65280

Block at file offset 2487976
	- compressed size: 9852
	- uncompressed size: 65280

Block at file offset 2497828
	- compressed size: 10131
	- uncompressed size: 65280

Block at file offset 2507959
	- compressed size: 9619
	- uncompressed size: 65280

Block at file offset 2517578
	- compressed size: 9473
	- uncompressed size: 65280

Block at file offset 2527051
	- compressed size: 9517
	- uncompressed size: 65280

Block at file offset 2536568
	- compressed size: 9540
	- uncompressed size: 65280

Block at file offset 2546108
	- compressed size: 9636
	- uncompressed size: 65280

Block at file offset 2555744
	- compressed size: 9680
	- uncompressed size: 65280

Block at file offset 2565424
	- compressed size: 10009
	- uncompressed size: 65280

Block at file offset 2575433
	- compressed size: 9985
	- uncompressed size: 65280

Block at file offset 2585418
	- compressed size: 10471
	- uncompressed size: 65280

Block at file offset 2595889
	- compressed size: 10479
	- uncompressed size: 65280

Block at file offset 2606368
	- compressed size: 10346
	- uncompressed size: 65280

Block at file offset 2616714
	- compressed size: 9810
	- uncompressed size: 65280

Block at file offset 2626524
	- compressed size: 9759
	- uncompressed size: 65280

Block at file offset 2636283
	- compressed size: 10272
	- uncompressed size: 65280

Block at file offset 2646555
	- compressed size: 9951
	- uncompressed size: 65280

Block at file offset 2656506
	- compressed size: 9462
	- uncompressed size: 65280

Block at file offset 2665968
	- compressed size: 9552
	- uncompressed size: 65280

Block at file offset 2675520
	- compressed size: 9141
	- uncompressed size: 65280

Block at file offset 2684661
	- compressed size: 9504
	- uncompressed size: 65280

Block at file offset 2694165
	- compressed size: 9336
	- uncompressed size: 65280

Block at file offset 2703501
	- compressed size: 10376
	- uncompressed size: 65280

Block at file offset 2713877
	- compressed size: 10816
	- uncompressed size: 65280

Block at file offset 2724693
	- compressed size: 9774
	- uncompressed size: 65280

Block at file offset 2734467
	- compressed size: 10846
	- uncompressed size: 65280

Block at file offset 2745313
	- compressed size: 10285
	- uncompressed size: 65280

Block at file offset 2755598
	- compressed size: 11031
	- uncompressed size: 65280

Block at file offset 2766629
	- compressed size: 10746
	- uncompressed size: 65280

Block at file offset 2777375
	- compressed size: 11688
	- uncompressed size: 65280

Block at file offset 2789063
	- compressed size: 11212
	- uncompressed size: 65280

Block at file offset 2800275
	- compressed size: 10610
	- uncompressed size: 65280

Block at file offset 2810885
	- compressed size: 11532
	- uncompressed size: 65280

Block at file offset 2822417
	- compressed size: 10390
	- uncompressed size: 65280

Block at file offset 2832807
	- compressed size: 11444
	- uncompressed size: 65280

Block at file offset 2844251
	- compressed size: 10561
	- uncompressed size: 65280

Block at file offset 2854812
	- compressed size: 10953
	- uncompressed size: 65280

Block at file offset 2865765
	- compressed size: 10585
	- uncompressed size: 65280

Block at file offset 2876350
	- compressed size: 10526
	- uncompressed size: 65280

Block at file offset 2886876
	- compressed size: 11191
	- uncompressed size: 65280

Block at file offset 2898067
	- compressed size: 11361
	- uncompressed size: 65280

Block at file offset 2909428
	- compressed size: 11831
	- uncompressed size: 65280

Block at file offset 2921259
	- compressed size: 10060
	- uncompressed size: 65280

Block at file offset 2931319
	- compressed size: 10381
	- uncompressed size: 65280

Block at file offset 2941700
	- compressed size: 11082
	- uncompressed size: 65280

Block at file offset 2952782
	- compressed size: 10641
	- uncompressed size: 65280

Block at file offset 2963423
	- compressed size: 10360
	- uncompressed size: 65280

Block at file offset 2973783
	- compressed size: 10064
	- uncompressed size: 65280

Block at file offset 2983847
	- compressed size: 11029
	- uncompressed size: 65280

Block at file offset 2994876
	- compressed size: 10705
	- uncompressed size: 65280

Block at file offset 3005581
	- compressed size: 12147
	- uncompressed size: 65280

Block at file offset 3017728
	- compressed size: 11380
	- uncompressed size: 65280

Block at file offset 3029108
	- compressed size: 10616
	- uncompressed size: 65280

Block at file offset 3039724
	- compressed size: 10579
	- uncompressed size: 65280

Block at file offset 3050303
	- compressed size: 10650
	- uncompressed size: 65280

Block at file offset 3060953
	- compressed size: 9720
	- uncompressed size: 65280

Block at file offset 3070673
	- compressed size: 10491
	- uncompressed size: 65280

Block at file offset 3081164
	- compressed size: 10672
	- uncompressed size: 65280

Block at file offset 3091836
	- compressed size: 10502
	- uncompressed size: 65280

Block at file offset 3102338
	- compressed size: 10073
	- uncompressed size: 65280

Block at file offset 3112411
	- compressed size: 10406
	- uncompressed size: 65280

Block at file offset 3122817
	- compressed size: 10663
	- uncompressed size: 65280

Block at file offset 3133480
	- compressed size: 10813
	- uncompressed size: 65280

Block at file offset 3144293
	- compressed size: 10224
	- uncompressed size: 65280

Block at file offset 3154517
	- compressed size: 10163
	- uncompressed size: 65280

Block at file offset 3164680
	- compressed size: 10532
	- uncompressed size: 65280

Block at file offset 3175212
	- compressed size: 10000
	- uncompressed size: 65280

Block at file offset 3185212
	- compressed size: 10436
	- uncompressed size: 65280

Block at file offset 3195648
	- compressed size: 10379
	- uncompressed size: 65280

Block at file offset 3206027
	- compressed size: 9804
	- uncompressed size: 65280

Block at file offset 3215831
	- compressed size: 9566
	- uncompressed size: 65280

Block at file offset 3225397
	- compressed size: 10099
	- uncompressed size: 65280

Block at file offset 3235496
	- compressed size: 9574
	- uncompressed size: 65280

Block at file offset 3245070
	- compressed size: 10244
	- uncompressed size: 65280

Block at file offset 3255314
	- compressed size: 10516
	- uncompressed size: 65280

Block at file offset 3265830
	- compressed size: 10315
	- uncompressed size: 65280

Block at file offset 3276145
	- compressed size: 9870
	- uncompressed size: 65280

Block at file offset 3286015
	- compressed size: 11126
	- uncompressed size: 65280

Block at file offset 3297141
	- compressed size: 10208
	- uncompressed size: 65280

Block at file offset 3307349
	- compressed size: 11558
	- uncompressed size: 65280

Block at file offset 3318907
	- compressed size: 9908
	- uncompressed size: 65280

Block at file offset 3328815
	- compressed size: 10826
	- uncompressed size: 65280

Block at file offset 3339641
	- compressed size: 10093
	- uncompressed size: 65280

Block at file offset 3349734
	- compressed size: 10853
	- uncompressed size: 65280

Block at file offset 3360587
	- compressed size: 10474
	- uncompressed size: 65280

Block at file offset 3371061
	- compressed size: 9832
	- uncompressed size: 65280

Block at file offset 3380893
	- compressed size: 10684
	- uncompressed size: 65280

Block at file offset 3391577
	- compressed size: 9664
	- uncompressed size: 65280

Block at file offset 3401241
	- compressed size: 9733
	- uncompressed size: 65280

Block at file offset 3410974
	- compressed size: 9510
	- uncompressed size: 65280

Block at file offset 3420484
	- compressed size: 9666
	- uncompressed size: 65280

Block at file offset 3430150
	- compressed size: 10468
	- uncompressed size: 65280

Block at file offset 3440618
	- compressed size: 10937
	- uncompressed size: 65280

Block at file offset 3451555
	- compressed size: 9989
	- uncompressed size: 65280

Block at file offset 3461544
	- compressed size: 11545
	- uncompressed size: 65280

Block at file offset 3473089
	- compressed size: 11789
	- uncompressed size: 65280

Block at file offset 3484878
	- compressed size: 10712
	- uncompressed size: 65280

Block at file offset 3495590
	- compressed size: 10255
	- uncompressed size: 65280

Block at file offset 3505845
	- compressed size: 10072
	- uncompressed size: 65280

Block at file offset 3515917
	- compressed size: 10404
	- uncompressed size: 65280

Block at file offset 3526321
	- compressed size: 10814
	- uncompressed size: 65280

Block at file offset 3537135
	- compressed size: 10956
	- uncompressed size: 65280

Block at file offset 3548091
	- compressed size: 10793
	- uncompressed size: 65280

Block at file offset 3558884
	- compressed size: 10779
	- uncompressed size: 65280

Block at file offset 3569663
	- compressed size: 10807
	- uncompressed size: 65280

Block at file offset 3580470
	- compressed size: 10102
	- uncompressed size: 65280

Block at file offset 3590572
	- compressed size: 10267
	- uncompressed size: 65280

Block at file offset 3600839
	- compressed size: 10259
	- uncompressed size: 65280

Block at file offset 3611098
	- compressed size: 10561
	- uncompressed size: 65280

Block at file offset 3621659
	- compressed size: 11747
	- uncompressed size: 65280

Block at file offset 3633406
	- compressed size: 11077
	- uncompressed size: 65280

Block at file offset 3644483
	- compressed size: 10707
	- uncompressed size: 65280

Block at file offset 3655190
	- compressed size: 10304
	- uncompressed size: 65280

Block at file offset 3665494
	- compressed size: 11337
	- uncompressed size: 65280

Block at file offset 3676831
	- compressed size: 11471
	- uncompressed size: 65280

Block at file offset 3688302
	- compressed size: 11222
	- uncompressed size: 65280

Block at file offset 3699524
	- compressed size: 10889
	- uncompressed size: 65280

Block at file offset 3710413
	- compressed size: 10402
	- uncompressed size: 65280

Block at file offset 3720815
	- compressed size: 10158
	- uncompressed size: 65280

Block at file offset 3730973
	- compressed size: 10658
	- uncompressed size: 65280

Block at file offset 3741631
	- compressed size: 9958
	- uncompressed size: 65280

Block at file offset 3751589
	- compressed size: 10635
	- uncompressed size: 65280

Block at file offset 3762224
	- compressed size: 11104
	- uncompressed size: 65280

Block at file offset 3773328
	- compressed size: 10994
	- uncompressed size: 65280

Block at file offset 3784322
	- compressed size: 10832
	- uncompressed size: 65280

Block at file offset 3795154
	- compressed size: 10650
	- uncompressed size: 65280

Block at file offset 3805804
	- compressed size: 10940
	- uncompressed size: 65280

Block at file offset 3816744
	- compressed size: 11679
	- uncompressed size: 65280

Block at file offset 3828423
	- compressed size: 11046
	- uncompressed size: 65280

Block at file offset 3839469
	- compressed size: 11083
	- uncompressed size: 65280

Block at file offset 3850552
	- compressed size: 10579
	- uncompressed size: 65280

Block at file offset 3861131
	- compressed size: 12068
	- uncompressed size: 65280

Block at file offset 3873199
	- compressed size: 11179
	- uncompressed size: 65280

Block at file offset 3884378
	- compressed size: 10831
	- uncompressed size: 65280

Block at file offset 3895209
	- compressed size: 10269
	- uncompressed size: 65280

Block at file offset 3905478
	- compressed size: 11038
	- uncompressed size: 65280

Block at file offset 3916516
	- compressed size: 10697
	- uncompressed size: 65280

Block at file offset 3927213
	- compressed size: 10585
	- uncompressed size: 65280

Block at file offset 3937798
	- compressed size: 10574
	- uncompressed size: 65280

Block at file offset 3948372
	- compressed size: 12036
	- uncompressed size: 65280

Block at file offset 3960408
	- compressed size: 11117
	- uncompressed size: 65280

Block at file offset 3971525
	- compressed size: 11229
	- uncompressed size: 65280

Block at file offset 3982754
	- compressed size: 11011
	- uncompressed size: 65280

Block at file offset 3993765
	- compressed size: 11234
	- uncompressed size: 65280

Block at file offset 4004999
	- compressed size: 10792
	- uncompressed size: 65280

Block at file offset 4015791
	- compressed size: 10136
	- uncompressed size: 65280

Block at file offset 4025927
	- compressed size: 9889
	- uncompressed size: 65280

Block at file offset 4035816
	- compressed size: 10029
	- uncompressed size: 65280

Block at file offset 4045845
	- compressed size: 9243
	- uncompressed size: 65280

Block at file offset 4055088
	- compressed size: 10002
	- uncompressed size: 65280

Block at file offset 4065090
	- compressed size: 9701
	- uncompressed size: 65280

Block at file offset 4074791
	- compressed size: 10288
	- uncompressed size: 65280

Block at file offset 4085079
	- compressed size: 10099
	- uncompressed size: 65280

Block at file offset 4095178
	- compressed size: 10157
	- uncompressed size: 65280

Block at file offset 4105335
	- compressed size: 10811
	- uncompressed size: 65280

Block at file offset 4116146
	- compressed size: 10212
	- uncompressed size: 65280

Block at file offset 4126358
	- compressed size: 10700
	- uncompressed size: 65280

Block at file offset 4137058
	- compressed size: 10079
	- uncompressed size: 65280

Block at file offset 4147137
	- compressed size: 11132
	- uncompressed size: 65280

Block at file offset 4158269
	- compressed size: 11115
	- uncompressed size: 65280

Block at file offset 4169384
	- compressed size: 11338
	- uncompressed size: 65280

Block at file offset 4180722
	- compressed size: 10679
	- uncompressed size: 65280

Block at file offset 4191401
	- compressed size: 10525
	- uncompressed size: 65280

Block at file offset 4201926
	- compressed size: 10394
	- uncompressed size: 65280

Block at file offset 4212320
	- compressed size: 9802
	- uncompressed size: 65280

Block at file offset 4222122
	- compressed size: 9701
	- uncompressed size: 65280

Block at file offset 4231823
	- compressed size: 9843
	- uncompressed size: 65280

Block at file offset 4241666
	- compressed size: 10408
	- uncompressed size: 65280

Block at file offset 4252074
	- compressed size: 10311
	- uncompressed size: 65280

Block at file offset 4262385
	- compressed size: 9520
	- uncompressed size: 65280

Block at file offset 4271905
	- compressed size: 9886
	- uncompressed size: 65280

Block at file offset 4281791
	- compressed size: 10037
	- uncompressed size: 65280

Block at file offset 4291828
	- compressed size: 9761
	- uncompressed size: 65280

Block at file offset 4301589
	- compressed size: 10653
	- uncompressed size: 65280

Block at file offset 4312242
	- compressed size: 9707
	- uncompressed size: 65280

Block at file offset 4321949
	- compressed size: 10035
	- uncompressed size: 65280

Block at file offset 4331984
	- compressed size: 10397
	- uncompressed size: 65280

Block at file offset 4342381
	- compressed size: 3212
	- uncompressed size: 18134

Block at file offset 4345593
	- compressed size: 28
	- uncompressed size: 0

