At position chr1:950542 Genotypes have different DP value: actual has 4 expected has 5