At position chr1:186475 Variant contexts have different attribute values for AS_VQSLOD: actual has -4.8149 and expected has -3.2178
