At position chr1:792417 Variant contexts have different attribute values for TREE_SCORE: actual has 0.311083 and expected has 0.372848
