version https://git-lfs.github.com/spec/v1
oid sha256:b9f2bbb9e9017ffb1b139e8ee68a8bd4687aea8472a76f49c74e6d141c301b9f
size 571
