version https://git-lfs.github.com/spec/v1
oid sha256:0cd809ef199eee834a10de371b3d24753aa35a48e3b335f5773d80ee5f22643b
size 571
