version https://git-lfs.github.com/spec/v1
oid sha256:4522d96608b824d2e0d739f21155b1d7c3a96dbb134f4570277860d5373a2785
size 564
