version https://git-lfs.github.com/spec/v1
oid sha256:740facdf15d6532e8f31821da5b1b973a342b22400e3ba700c51b6b4d0425fd7
size 554
