version https://git-lfs.github.com/spec/v1
oid sha256:e601ab772f0990f203e8703477a1a37d08b1bfc749944129958ccbe6258a2ed8
size 12267
