BGZF block information for file: 4featuresHG38Header.NO_BGZF_TERMINATOR_BLOCK.vcf.gz

Block #1 at file offset 0
	- compressed size: 12409
	- uncompressed size: 65498

Block #2 at file offset 12409
	- compressed size: 6497
	- uncompressed size: 65498

Block #3 at file offset 18906
	- compressed size: 6229
	- uncompressed size: 46819

******************************************************
ERROR: Final BGZF 0-byte terminator block was MISSING!
******************************************************

