#:GATKReport.v1.1:1
#:GATKTable:32:4:%s:%s:%s:%s:%d:%d:%d:%d:%d:%d:%d:%d:%d:%d:%d:%d:%d:%d:%d:%d:%d:%d:%d:%d:%d:%d:%d:%d:%d:%d:%d:%d:;
#:GATKTable:MendelianViolationEvaluator:Mendelian Violation Evaluator
MendelianViolationEvaluator  CompFeatureInput  EvalFeatureInput  Family     nVariants  nSkipped  nFamCalled  nVarFamCalled  nLowQual  nNoCall  nLociViolations  nViolations  mvRefRef_Var  mvRefRef_Het  mvRefHet_Var  mvRefVar_Var  mvRefVar_Ref  mvVarHet_Ref  mvVarVar_Ref  mvVarVar_Het  HomRefHomRef_HomRef  HetHet_Het  HetHet_HomRef  HetHet_HomVar  HomVarHomVar_HomVar  HomRefHomVAR_Het  HetHet_inheritedRef  HetHet_inheritedVar  HomRefHet_inheritedRef  HomRefHet_inheritedVar  HomVarHet_inheritedRef  HomVarHet_inheritedVar
MendelianViolationEvaluator  none              eval              PAIR               0        11           0              0         0        0                0            0             0             0             0             0             0             0             0             0                    0           0              0              0                    0                 0                    0                    0                       0                       0                       0                       0
MendelianViolationEvaluator  none              eval              TRIO              12         0          12             12         0        0               12           12             1             1             2             2             2             2             1             1                    0           0              0              0                    0                 0                    0                    0                       0                       0                       0                       0
MendelianViolationEvaluator  none              eval              UNRELATED          0         7           0              0         0        0                0            0             0             0             0             0             0             0             0             0                    0           0              0              0                    0                 0                    0                    0                       0                       0                       0                       0
MendelianViolationEvaluator  none              eval              all               12         0          12             12         0        0               12           12             1             1             2             2             2             2             1             1                    0           0              0              0                    0                 0                    0                    0                       0                       0                       0                       0

