#:GATKReport.v1.1:1
#:GATKTable:29:7:%s:%d:%s:%s:%d:%d:%d:%d:%.8f:%.8f:%d:%d:%d:%d:%d:%d:%d:%d:%d:%d:%d:%d:%d:%.2e:%.2f:%.2f:%.2e:%.2f:%.2f:;
#:GATKTable:CountVariants:Counts different classes of variants in the sample
CountVariants  AlleleCount  CompFeatureInput  EvalFeatureInput  nProcessedLoci  nCalledLoci  nRefLoci  nVariantLoci  variantRate  variantRatePerBp  nSNPs  nMNPs  nInsertions  nDeletions  nComplex  nSymbolic  nMixed  nNoCalls  nHets  nHomRef  nHomVar  nSingletons  nHomDerived  heterozygosity  heterozygosityPerBp  hetHomRatio  indelRate  indelRatePerBp  insertionDeletionRatio
CountVariants            0  dbsnp             eval                           9            5         5             0   0.00000000        0.00000000      0      0            0           0         0          0       0         7      0        8        0            0            0        0.00e+00                 0.00         0.00   0.00e+00            0.00                    0.00
CountVariants            1  dbsnp             eval                           9            0         0             0   0.00000000        0.00000000      0      0            0           0         0          0       0         0      0        0        0            0            0        0.00e+00                 0.00         0.00   0.00e+00            0.00                    0.00
CountVariants            2  dbsnp             eval                           9            0         0             0   0.00000000        0.00000000      0      0            0           0         0          0       0         0      0        0        0            0            0        0.00e+00                 0.00         0.00   0.00e+00            0.00                    0.00
CountVariants            3  dbsnp             eval                           9            1         0             1   0.11111111        9.00000000      1      0            0           0         0          0       0         0      1        1        1            0            0        1.11e-01                 9.00         1.00   0.00e+00            0.00                    0.00
CountVariants            4  dbsnp             eval                           9            0         0             0   0.00000000        0.00000000      0      0            0           0         0          0       0         0      0        0        0            0            0        0.00e+00                 0.00         0.00   0.00e+00            0.00                    0.00
CountVariants            5  dbsnp             eval                           9            2         0             2   0.22222222        4.00000000      2      0            0           0         0          0       0         0      2        0        4            0            0        2.22e-01                 4.00         0.50   0.00e+00            0.00                    0.00
CountVariants            6  dbsnp             eval                           9            1         0             1   0.11111111        9.00000000      1      0            0           0         0          0       0         0      0        0        3            0            0        0.00e+00                 0.00         0.00   0.00e+00            0.00                    0.00

