#:GATKReport.v1.1:1
#:GATKTable:29:4:%s:%s:%s:%s:%d:%d:%d:%d:%.8f:%.8f:%d:%d:%d:%d:%d:%d:%d:%d:%d:%d:%d:%d:%d:%.2e:%.2f:%.2f:%.2e:%.2f:%.2f:;
#:GATKTable:CountVariants:Counts different classes of variants in the sample
CountVariants  CompFeatureInput  EvalFeatureInput  Sample   nProcessedLoci  nCalledLoci  nRefLoci  nVariantLoci  variantRate  variantRatePerBp  nSNPs  nMNPs  nInsertions  nDeletions  nComplex  nSymbolic  nMixed  nNoCalls  nHets  nHomRef  nHomVar  nSingletons  nHomDerived  heterozygosity  heterozygosityPerBp  hetHomRatio  indelRate  indelRatePerBp  insertionDeletionRatio
CountVariants  dbsnp             eval              HG00513              38            9         5             4   0.10526316        9.00000000      3      0            1           0         0          0       0         2      2        3        2            0            0        5.26e-02                19.00         1.00   2.63e-02           38.00                    1.00
CountVariants  dbsnp             eval              HG00625              38            9         4             5   0.13157895        7.00000000      3      0            1           1         0          0       0         1      2        3        3            0            0        5.26e-02                19.00         0.67   5.26e-02           19.00                    1.00
CountVariants  dbsnp             eval              NA12045              38            9         5             4   0.10526316        9.00000000      2      0            1           1         0          0       0         1      4        4        0            0            0        1.05e-01                 9.00         4.00   5.26e-02           19.00                    1.00
CountVariants  dbsnp             eval              all                  38            9         4             5   0.13157895        7.00000000      3      0            1           1         0          0       0         4      8       10        5            0            0        2.11e-01                 4.00         1.60   5.26e-02           19.00                    1.00

