ERS4367795	gs://fc-9c14af77-438c-4102-b5d9-ae8d59ef6943/951ed630-efa1-45a4-ac4c-18b2eb2f5a85/ReblockGVCF/424910a5-378b-41fe-aa4b-f74ffcee75b5/call-Reblock/cacheCopy/HG00405.haplotypeCalls.er.raw.vcf.gz.rb.g.vcf.gz	gs://fc-9c14af77-438c-4102-b5d9-ae8d59ef6943/951ed630-efa1-45a4-ac4c-18b2eb2f5a85/ReblockGVCF/424910a5-378b-41fe-aa4b-f74ffcee75b5/call-Reblock/cacheCopy/HG00405.haplotypeCalls.er.raw.vcf.gz.rb.g.vcf.gz.tbi
ERS4367796	gs://fc-9c14af77-438c-4102-b5d9-ae8d59ef6943/951ed630-efa1-45a4-ac4c-18b2eb2f5a85/ReblockGVCF/8e31738f-95cd-4e78-b7b5-f1876f8af744/call-Reblock/cacheCopy/HG00408.haplotypeCalls.er.raw.vcf.gz.rb.g.vcf.gz	gs://fc-9c14af77-438c-4102-b5d9-ae8d59ef6943/951ed630-efa1-45a4-ac4c-18b2eb2f5a85/ReblockGVCF/8e31738f-95cd-4e78-b7b5-f1876f8af744/call-Reblock/cacheCopy/HG00408.haplotypeCalls.er.raw.vcf.gz.rb.g.vcf.gz.tbi
ERS4367798	gs://fc-9c14af77-438c-4102-b5d9-ae8d59ef6943/951ed630-efa1-45a4-ac4c-18b2eb2f5a85/ReblockGVCF/eee8a78c-c52a-4e21-b9af-095e25285da3/call-Reblock/cacheCopy/HG00420.haplotypeCalls.er.raw.vcf.gz.rb.g.vcf.gz	gs://fc-9c14af77-438c-4102-b5d9-ae8d59ef6943/951ed630-efa1-45a4-ac4c-18b2eb2f5a85/ReblockGVCF/eee8a78c-c52a-4e21-b9af-095e25285da3/call-Reblock/cacheCopy/HG00420.haplotypeCalls.er.raw.vcf.gz.rb.g.vcf.gz.tbi
ERS4367800	gs://fc-9c14af77-438c-4102-b5d9-ae8d59ef6943/951ed630-efa1-45a4-ac4c-18b2eb2f5a85/ReblockGVCF/134664be-fa4a-4cc3-b863-7ffed520ccf1/call-Reblock/cacheCopy/HG00427.haplotypeCalls.er.raw.vcf.gz.rb.g.vcf.gz	gs://fc-9c14af77-438c-4102-b5d9-ae8d59ef6943/951ed630-efa1-45a4-ac4c-18b2eb2f5a85/ReblockGVCF/134664be-fa4a-4cc3-b863-7ffed520ccf1/call-Reblock/cacheCopy/HG00427.haplotypeCalls.er.raw.vcf.gz.rb.g.vcf.gz.tbi
ERS4367801	gs://fc-9c14af77-438c-4102-b5d9-ae8d59ef6943/951ed630-efa1-45a4-ac4c-18b2eb2f5a85/ReblockGVCF/59997640-d905-4ed9-a45c-f797f9d638a6/call-Reblock/cacheCopy/HG00429.haplotypeCalls.er.raw.vcf.gz.rb.g.vcf.gz	gs://fc-9c14af77-438c-4102-b5d9-ae8d59ef6943/951ed630-efa1-45a4-ac4c-18b2eb2f5a85/ReblockGVCF/59997640-d905-4ed9-a45c-f797f9d638a6/call-Reblock/cacheCopy/HG00429.haplotypeCalls.er.raw.vcf.gz.rb.g.vcf.gz.tbi
ERS4367804	gs://fc-9c14af77-438c-4102-b5d9-ae8d59ef6943/951ed630-efa1-45a4-ac4c-18b2eb2f5a85/ReblockGVCF/7bc58554-ded2-4277-b83a-974b43dba800/call-Reblock/cacheCopy/HG00447.haplotypeCalls.er.raw.vcf.gz.rb.g.vcf.gz	gs://fc-9c14af77-438c-4102-b5d9-ae8d59ef6943/951ed630-efa1-45a4-ac4c-18b2eb2f5a85/ReblockGVCF/7bc58554-ded2-4277-b83a-974b43dba800/call-Reblock/cacheCopy/HG00447.haplotypeCalls.er.raw.vcf.gz.rb.g.vcf.gz.tbi
ERS4367805	gs://fc-9c14af77-438c-4102-b5d9-ae8d59ef6943/951ed630-efa1-45a4-ac4c-18b2eb2f5a85/ReblockGVCF/da129817-57a8-4fc6-b90e-b6d5ebf6e4f3/call-Reblock/cacheCopy/HG00450.haplotypeCalls.er.raw.vcf.gz.rb.g.vcf.gz	gs://fc-9c14af77-438c-4102-b5d9-ae8d59ef6943/951ed630-efa1-45a4-ac4c-18b2eb2f5a85/ReblockGVCF/da129817-57a8-4fc6-b90e-b6d5ebf6e4f3/call-Reblock/cacheCopy/HG00450.haplotypeCalls.er.raw.vcf.gz.rb.g.vcf.gz.tbi
